:100000003720630084010800840300088D00840306
:1000100000088C000800FE30840708009400940853
:1000200003191E28212014088D0047308C0003106E
:100030001A288C038D0D031C1928080021208C011F
:1000400008008408031D27280E30840008000C08CF
:100050008000840A0D088000840A080080308C0625
:1000600037288403840380308006840A840A8C083D
:10007000031904280408FE3E84008008031D432859
:10008000023E84000B286B20840A840A0621840324
:1000900084030C0800068039031D5A28840A0008CE
:1000A0008D07840A951B5728031C0B2803108D0C01
:1000B0008C0A0B28840A00088D028403031C622822
:1000C000951F08008D0803191F2803108D0D8C0340
:1000D000031C652808009501EF20951E0800840A7E
:1000E000840A9409940AE0208403840308008403AA
:1000F00084038C08031908000008031D81288C0163
:1001000008008C0740308C02840A0D089400000817
:100110009501950A031491280310940D03189D204E
:100120000310800C9408031D8C2884038D00951CFB
:100130000800150C8D0C8C0A080000070318950A9E
:100140000800E020840384038C08031908000008D9
:100150008C0240308C0780309500840A000894009F
:10016000DD20031CB828DA200314D8209513C128F9
:1001700015178C030314D820DA20031C95130310E1
:10018000D82080010314951FDD20031CCB28DA2022
:10019000031C95130314800DD820950A951DC228C1
:1001A000151B001084030C088000840A840A0428AC
:1001B000940C080014088D02080014080D020800B1
:1001C000840300080D068D060D06800084030008D8
:1001D0000C068C060C068000840A840A08000C08B1
:1001E0007F39940000087F399402031D0329951775
:1001F000840A0D080002031D002984031517080056
:1002000000080D028403031C9516080094080319C6
:10021000080084030314800C0310940B0B29840A38
:020220000800D4
:02400E00FB3F76
:00000001FF
